2026-08-04 06:02:21 | INFO     | core.engine:start:34 - JQE institutional core engine online
2026-08-04 06:02:27 | INFO     | core.mt5_connection:connect:18 - MT5 connection successful
2026-08-04 06:02:27 | INFO     | core.symbol_manager:find_symbol:107 - Symbol mapped: GOLD -> XAUUSD
2026-08-04 06:02:27 | INFO     | core.symbol_manager:find_symbol:107 - Symbol mapped: GOLD -> XAUUSD
2026-08-04 06:02:27 | INFO     | core.symbol_manager:find_symbol:107 - Symbol mapped: BTCUSD -> BTCUSD
2026-08-04 06:02:27 | INFO     | core.symbol_manager:find_symbol:107 - Symbol mapped: BTCUSD -> BTCUSD
2026-08-04 06:02:27 | ERROR    | core.symbol_manager:find_symbol:116 - No broker symbol found for DOW30
2026-08-04 06:02:27 | INFO     | core.symbol_manager:find_symbol:107 - Symbol mapped: EURUSD -> EURUSD
2026-08-04 06:02:27 | INFO     | core.symbol_manager:find_symbol:107 - Symbol mapped: EURUSD -> EURUSD
2026-08-04 06:02:28 | INFO     | broker.simulation_gateway:connect:72 - SimulationGateway connected (starting_balance=50.0 USD)
2026-08-04 06:02:28 | INFO     | core.mt5_connection:connect:18 - MT5 connection successful
2026-08-04 06:02:28 | INFO     | core.symbol_manager:find_symbol:107 - Symbol mapped: GOLD -> XAUUSD
2026-08-04 06:02:28 | INFO     | core.symbol_manager:find_symbol:107 - Symbol mapped: GOLD -> XAUUSD
2026-08-04 06:02:28 | INFO     | core.symbol_manager:find_symbol:107 - Symbol mapped: BTCUSD -> BTCUSD
2026-08-04 06:02:28 | INFO     | core.symbol_manager:find_symbol:107 - Symbol mapped: BTCUSD -> BTCUSD
2026-08-04 06:02:28 | ERROR    | core.symbol_manager:find_symbol:116 - No broker symbol found for DOW30
2026-08-04 06:02:28 | INFO     | core.symbol_manager:find_symbol:107 - Symbol mapped: EURUSD -> EURUSD
2026-08-04 06:02:28 | INFO     | core.symbol_manager:find_symbol:107 - Symbol mapped: EURUSD -> EURUSD
2026-08-04 06:02:28 | INFO     | backtesting.backtest:run_backtest:71 - JQE backtest starting for XAUUSD (5000 candles)
2026-08-04 06:02:28 | INFO     | backtesting.backtest:run_backtest:71 - JQE backtest starting for XAUUSD (5000 candles)
2026-08-04 06:02:29 | INFO     | core.mt5_connection:connect:18 - MT5 connection successful
2026-08-04 06:02:29 | INFO     | core.symbol_manager:find_symbol:107 - Symbol mapped: GOLD -> XAUUSD
2026-08-04 06:02:29 | INFO     | broker.deriv_gateway:connect:130 - DerivGateway connected and authorized (account=CR12345)
2026-08-04 06:02:29 | INFO     | broker.deriv_gateway:disconnect:134 - DerivGateway disconnected
2026-08-04 06:02:29 | INFO     | broker.deriv_gateway:connect:130 - DerivGateway connected and authorized (account=CR12345)
2026-08-04 06:02:29 | INFO     | broker.deriv_gateway:disconnect:134 - DerivGateway disconnected
2026-08-04 06:02:29 | INFO     | broker.deriv_gateway:connect:130 - DerivGateway connected and authorized (account=CR12345)
2026-08-04 06:02:29 | INFO     | broker.deriv_gateway:disconnect:134 - DerivGateway disconnected
2026-08-04 06:02:29 | INFO     | broker.deriv_gateway:connect:130 - DerivGateway connected and authorized (account=CR12345)
2026-08-04 06:02:29 | INFO     | broker.deriv_gateway:disconnect:134 - DerivGateway disconnected
2026-08-04 06:02:29 | INFO     | broker.deriv_gateway:connect:130 - DerivGateway connected and authorized (account=CR12345)
2026-08-04 06:02:29 | INFO     | broker.deriv_gateway:disconnect:134 - DerivGateway disconnected
2026-08-04 06:02:29 | INFO     | broker.deriv_gateway:connect:130 - DerivGateway connected and authorized (account=CR12345)
2026-08-04 06:02:29 | INFO     | broker.deriv_gateway:disconnect:134 - DerivGateway disconnected
2026-08-04 06:02:29 | INFO     | broker.deriv_gateway:connect:130 - DerivGateway connected and authorized (account=CR12345)
2026-08-04 06:02:29 | INFO     | broker.deriv_gateway:disconnect:134 - DerivGateway disconnected
2026-08-04 06:02:29 | INFO     | broker.deriv_gateway:connect:130 - DerivGateway connected and authorized (account=CR12345)
2026-08-04 06:02:29 | INFO     | broker.deriv_gateway:submit_order:239 - DerivGateway order filled: OrderSide.BUY 10.0 R_100 contract_id=999
2026-08-04 06:02:29 | INFO     | broker.deriv_gateway:disconnect:134 - DerivGateway disconnected
2026-08-04 06:02:29 | INFO     | broker.deriv_gateway:connect:130 - DerivGateway connected and authorized (account=CR12345)
2026-08-04 06:02:29 | WARNING  | broker.deriv_gateway:submit_order:222 - DerivGateway order rejected: OrderSide.BUY 10.0 R_100 — insufficient balance
2026-08-04 06:02:29 | INFO     | broker.deriv_gateway:disconnect:134 - DerivGateway disconnected
2026-08-04 06:02:29 | INFO     | broker.deriv_gateway:connect:130 - DerivGateway connected and authorized (account=CR12345)
2026-08-04 06:02:29 | INFO     | broker.deriv_gateway:disconnect:134 - DerivGateway disconnected
2026-08-04 06:02:29 | INFO     | broker.simulation_gateway:connect:72 - SimulationGateway connected (starting_balance=50.0 USD)
2026-08-04 06:02:29 | INFO     | data.historical:_sync_recent:199 - No cached data for R_100 M5 — downloading 10 candle(s)
2026-08-04 06:02:29 | INFO     | data.historical:_sync_recent:214 - Cache for R_100 M5 is 0:25:00.687087 behind — downloading 6 incremental candle(s)
2026-08-04 06:02:29 | WARNING  | data.historical:fill_gaps:147 - Found 1 gap(s) in cached R_100 M5 data — filling
2026-08-04 06:02:29 | INFO     | data.historical:_sync_recent:199 - No cached data for R_100 M5 — downloading 10 candle(s)
2026-08-04 06:02:29 | INFO     | data.historical:sync:116 - Sync complete for R_100 M5: {'symbol': 'R_100', 'timeframe': 'M5', 'candles_downloaded': 10, 'gaps_filled': 0, 'candle_count': 10, 'is_valid': True, 'issues': []}
2026-08-04 06:02:29 | INFO     | core.engine:start:34 - JQE institutional core engine online
2026-08-04 06:02:29 | INFO     | broker.simulation_gateway:connect:72 - SimulationGateway connected (starting_balance=50.0 USD)
2026-08-04 06:02:29 | INFO     | broker.simulation_gateway:submit_order:150 - SimulationGateway order filled: OrderSide.BUY 0.01 XAUUSD @ 100.0000
2026-08-04 06:02:29 | INFO     | core.mt5_connection:connect:18 - MT5 connection successful
2026-08-04 06:02:29 | INFO     | core.symbol_manager:find_symbol:107 - Symbol mapped: XAUUSD -> XAUUSD
2026-08-04 06:02:29 | INFO     | broker.simulation_gateway:connect:72 - SimulationGateway connected (starting_balance=50.0 USD)
2026-08-04 06:02:29 | INFO     | broker.simulation_gateway:submit_order:150 - SimulationGateway order filled: OrderSide.BUY 0.01 XAUUSD @ 100.0000
2026-08-04 06:02:29 | INFO     | core.mt5_connection:connect:18 - MT5 connection successful
2026-08-04 06:02:29 | INFO     | core.symbol_manager:find_symbol:107 - Symbol mapped: XAUUSD -> XAUUSD
2026-08-04 06:02:29 | INFO     | core.symbol_manager:find_symbol:107 - Symbol mapped: XAUUSD -> XAUUSD
2026-08-04 06:02:29 | INFO     | core.symbol_manager:find_symbol:107 - Symbol mapped: BTCUSD -> BTCUSD
2026-08-04 06:02:29 | INFO     | core.symbol_manager:find_symbol:107 - Symbol mapped: BTCUSD -> BTCUSD
2026-08-04 06:02:29 | INFO     | core.symbol_manager:find_symbol:107 - Symbol mapped: EURUSD -> EURUSD
2026-08-04 06:02:29 | INFO     | core.symbol_manager:find_symbol:107 - Symbol mapped: EURUSD -> EURUSD
2026-08-04 06:02:29 | INFO     | tests.test_logging_config:test_logger_is_usable:26 - test log line from test_logging_config
2026-08-04 06:02:29 | INFO     | main:run:58 - JQE engine online (environment=development, broker=simulation)
2026-08-04 06:02:29 | INFO     | main:run:58 - JQE engine online (environment=development, broker=simulation)
2026-08-04 06:02:29 | INFO     | main:run:58 - JQE engine online (environment=development, broker=simulation)
2026-08-04 06:02:29 | INFO     | main:run:58 - JQE engine online (environment=development, broker=simulation)
2026-08-04 06:02:29 | INFO     | main:run:83 - Market regime: TREND_UP
2026-08-04 06:02:29 | INFO     | main:run:84 - Trading signal: {'signal': 'BUY', 'confidence': 90, 'quality': 'HIGH', 'score': 95, 'reasons': [], 'intelligence': {}}
2026-08-04 06:02:29 | INFO     | main:run:92 - Risk decision: {'approved': True, 'reason': 'ok', 'risk_percent': 0.5, 'lot_size': 0.05}
2026-08-04 06:02:29 | INFO     | main:run:108 - Order result: order_id='TEST-1' status=<OrderStatus.FILLED: 'FILLED'> symbol='XAUUSD' side=<OrderSide.BUY: 'BUY'> volume=0.01 filled_price=100.0 raw={}
2026-08-04 06:02:29 | INFO     | main:run:58 - JQE engine online (environment=development, broker=simulation)
2026-08-04 06:02:30 | INFO     | main:run:83 - Market regime: RANGE
2026-08-04 06:02:30 | INFO     | main:run:84 - Trading signal: {'signal': 'NO_TRADE', 'confidence': 0, 'quality': 'POOR', 'score': 0, 'reasons': [], 'intelligence': {}}
2026-08-04 06:02:30 | INFO     | main:run:92 - Risk decision: {'approved': False, 'reason': 'No trade signal', 'risk_percent': 0, 'lot_size': 0}
2026-08-04 06:02:30 | INFO     | main:run:95 - Cycle complete — no order submitted (No trade signal)
2026-08-04 06:02:30 | INFO     | main:run:58 - JQE engine online (environment=development, broker=simulation)
2026-08-04 06:02:30 | INFO     | main:run:83 - Market regime: TREND_UP
2026-08-04 06:02:30 | INFO     | main:run:84 - Trading signal: {'signal': 'BUY', 'confidence': 90, 'quality': 'HIGH', 'score': 95, 'reasons': [], 'intelligence': {}}
2026-08-04 06:02:30 | INFO     | main:run:92 - Risk decision: {'approved': False, 'reason': 'test', 'risk_percent': 0, 'lot_size': 0}
2026-08-04 06:02:30 | INFO     | main:run:95 - Cycle complete — no order submitted (test)
2026-08-04 06:02:30 | ERROR    | main:main:123 - JQE cycle aborted: boom
2026-08-04 06:02:30 | INFO     | core.mt5_connection:connect:18 - MT5 connection successful
2026-08-04 06:02:30 | INFO     | core.symbol_manager:find_symbol:107 - Symbol mapped: GOLD -> XAUUSD
2026-08-04 06:02:30 | INFO     | broker.mt5_gateway:submit_order:338 - MT5 order request: {'action': <MagicMock name='mt5.TRADE_ACTION_DEAL' id='2375014568960'>, 'symbol': 'XAUUSDm', 'volume': 0.1, 'type': <MagicMock name='mt5.ORDER_TYPE_BUY' id='2375014569296'>, 'price': 2000.5, 'sl': 0.0, 'tp': 0.0, 'deviation': 20, 'magic': 20260802, 'comment': 'JQE Gateway Execution', 'type_time': <MagicMock name='mt5.ORDER_TIME_GTC' id='2375014569632'>, 'type_filling': <MagicMock name='mt5.ORDER_FILLING_IOC' id='2375014569968'>}
2026-08-04 06:02:30 | INFO     | broker.mt5_gateway:submit_order:338 - MT5 order request: {'action': <MagicMock name='mt5.TRADE_ACTION_DEAL' id='2375014576352'>, 'symbol': 'XAUUSDm', 'volume': 0.1, 'type': <MagicMock name='mt5.ORDER_TYPE_BUY' id='2375014576688'>, 'price': 2000.5, 'sl': 0.0, 'tp': 0.0, 'deviation': 20, 'magic': 20260802, 'comment': 'JQE Gateway Execution', 'type_time': <MagicMock name='mt5.ORDER_TIME_GTC' id='2375014577024'>, 'type_filling': <MagicMock name='mt5.ORDER_FILLING_IOC' id='2375014577360'>}
2026-08-04 06:02:30 | INFO     | broker.simulation_gateway:connect:72 - SimulationGateway connected (starting_balance=5000.0 USD)
2026-08-04 06:02:30 | INFO     | broker.simulation_gateway:connect:72 - SimulationGateway connected (starting_balance=5000.0 USD)
2026-08-04 06:02:30 | INFO     | broker.simulation_gateway:disconnect:81 - SimulationGateway disconnected
2026-08-04 06:02:30 | INFO     | broker.simulation_gateway:connect:72 - SimulationGateway connected (starting_balance=5000.0 USD)
2026-08-04 06:02:30 | INFO     | broker.simulation_gateway:disconnect:81 - SimulationGateway disconnected
2026-08-04 06:02:30 | INFO     | broker.simulation_gateway:connect:72 - SimulationGateway connected (starting_balance=5000.0 USD)
2026-08-04 06:02:30 | INFO     | broker.simulation_gateway:connect:72 - SimulationGateway connected (starting_balance=5000.0 USD)
2026-08-04 06:02:30 | INFO     | broker.simulation_gateway:connect:72 - SimulationGateway connected (starting_balance=10000.0 USD)
2026-08-04 06:02:30 | INFO     | broker.simulation_gateway:connect:72 - SimulationGateway connected (starting_balance=10000.0 USD)
2026-08-04 06:02:30 | INFO     | broker.simulation_gateway:connect:72 - SimulationGateway connected (starting_balance=5000.0 USD)
2026-08-04 06:02:30 | INFO     | broker.simulation_gateway:connect:72 - SimulationGateway connected (starting_balance=5000.0 USD)
2026-08-04 06:02:30 | INFO     | broker.simulation_gateway:connect:72 - SimulationGateway connected (starting_balance=5000.0 USD)
2026-08-04 06:02:30 | INFO     | broker.simulation_gateway:connect:72 - SimulationGateway connected (starting_balance=5000.0 USD)
2026-08-04 06:02:30 | INFO     | broker.simulation_gateway:connect:72 - SimulationGateway connected (starting_balance=5000.0 USD)
2026-08-04 06:02:30 | INFO     | broker.simulation_gateway:submit_order:150 - SimulationGateway order filled: OrderSide.BUY 1.0 R_100 @ 100.0000
2026-08-04 06:02:30 | INFO     | broker.simulation_gateway:connect:72 - SimulationGateway connected (starting_balance=5000.0 USD)
2026-08-04 06:02:30 | INFO     | broker.simulation_gateway:submit_order:150 - SimulationGateway order filled: OrderSide.SELL 2.0 R_100 @ 100.0000
2026-08-04 06:02:30 | INFO     | broker.simulation_gateway:connect:72 - SimulationGateway connected (starting_balance=5000.0 USD)
2026-08-04 06:02:30 | INFO     | broker.simulation_gateway:submit_order:150 - SimulationGateway order filled: OrderSide.BUY 1.0 R_100 @ 100.0000
2026-08-04 06:02:30 | INFO     | broker.simulation_gateway:submit_order:150 - SimulationGateway order filled: OrderSide.BUY 1.0 R_100 @ 100.0000
2026-08-04 06:02:30 | INFO     | core.regime:detect_regime:76 - Market regime detected: TREND_UP
2026-08-04 06:02:30 | INFO     | core.regime:detect_regime:76 - Market regime detected: TREND_DOWN
2026-08-04 06:02:30 | INFO     | core.regime:detect_regime:76 - Market regime detected: NO_TRADE
2026-08-04 06:02:30 | INFO     | core.regime:detect_regime:76 - Market regime detected: RANGE
2026-08-04 06:02:30 | INFO     | core.regime:detect_regime:76 - Market regime detected: NO_TRADE
2026-08-04 06:02:30 | INFO     | core.regime:detect_regime:76 - Market regime detected: NO_TRADE
2026-08-04 06:02:30 | INFO     | core.regime:detect_regime:76 - Market regime detected: NO_TRADE
2026-08-04 06:02:30 | INFO     | core.regime:detect_regime:76 - Market regime detected: RANGE
